[    0.000000] Initializing cgroup subsys cpuset
[    0.000000] Initializing cgroup subsys cpu
[    0.000000] Initializing cgroup subsys cpuacct
[    0.000000] Linux version 4.4.0-206-generic (buildd@lgw01-amd64-039) (gcc version 5.4.0 20160609 (Ubuntu 5.4.0-6ubuntu1~16.04.12) ) #238-Ubuntu SMP Tue Mar 16 07:52:37 UTC 2021 (Ubuntu 4.4.0-206.238-generic 4.4.254)
[    0.000000] Command line: BOOT_IMAGE=/boot/vmlinuz-4.4.0-206-generic root=LABEL=cloudimg-rootfs ro console=tty1 console=ttyS0
[    0.000000] KERNEL supported cpus:
[    0.000000]   Intel GenuineIntel
[    0.000000]   AMD AuthenticAMD
[    0.000000]   Centaur CentaurHauls
[    0.000000] [Firmware Bug]: TSC doesn't count with P0 frequency!
[    0.000000] x86/fpu: xstate_offset[2]:  576, xstate_sizes[2]:  256
[    0.000000] x86/fpu: Supporting XSAVE feature 0x01: 'x87 floating point registers'
[    0.000000] x86/fpu: Supporting XSAVE feature 0x02: 'SSE registers'
[    0.000000] x86/fpu: Supporting XSAVE feature 0x04: 'AVX registers'
[    0.000000] x86/fpu: Enabled xstate features 0x7, context size is 832 bytes, using 'standard' format.
[    0.000000] e820: BIOS-provided physical RAM map:
[    0.000000] BIOS-e820: [mem 0x0000000000000000-0x000000000009fbff] usable
[    0.000000] BIOS-e820: [mem 0x000000000009fc00-0x000000000009ffff] reserved
[    0.000000] BIOS-e820: [mem 0x00000000000f0000-0x00000000000fffff] reserved
[    0.000000] BIOS-e820: [mem 0x0000000000100000-0x000000003ffeffff] usable
[    0.000000] BIOS-e820: [mem 0x000000003fff0000-0x000000003fffffff] ACPI data
[    0.000000] BIOS-e820: [mem 0x00000000fec00000-0x00000000fec00fff] reserved
[    0.000000] BIOS-e820: [mem 0x00000000fee00000-0x00000000fee00fff] reserved
[    0.000000] BIOS-e820: [mem 0x00000000fffc0000-0x00000000ffffffff] reserved
[    0.000000] NX (Execute Disable) protection: active
[    0.000000] SMBIOS 2.5 present.
[    0.000000] Hypervisor detected: KVM
[    0.000000] Kernel/User page tables isolation: disabled
[    0.000000] e820: last_pfn = 0x3fff0 max_arch_pfn = 0x400000000
[    0.000000] MTRR: Disabled
[    0.000000] x86/PAT: MTRRs disabled, skipping PAT initialization too.
[    0.000000] CPU MTRRs all blank - virtualized system.
[    0.000000] x86/PAT: Configuration [0-7]: WB  WT  UC- UC  WB  WT  UC- UC  
[    0.000000] found SMP MP-table at [mem 0x0009fff0-0x0009ffff] mapped at [ffff88000009fff0]
[    0.000000] Scanning 1 areas for low memory corruption
[    0.000000] RAMDISK: [mem 0x362de000-0x37166fff]
[    0.000000] ACPI: Early table checksum verification disabled
[    0.000000] ACPI: RSDP 0x00000000000E0000 000024 (v02 VBOX  )
[    0.000000] ACPI: XSDT 0x000000003FFF0030 00003C (v01 VBOX   VBOXXSDT 00000001 ASL  00000061)
[    0.000000] ACPI: FACP 0x000000003FFF00F0 0000F4 (v04 VBOX   VBOXFACP 00000001 ASL  00000061)
[    0.000000] ACPI: DSDT 0x000000003FFF0470 002325 (v02 VBOX   VBOXBIOS 00000002 INTL 20100528)
[    0.000000] ACPI: FACS 0x000000003FFF0200 000040
[    0.000000] ACPI: FACS 0x000000003FFF0200 000040
[    0.000000] ACPI: APIC 0x000000003FFF0240 00005C (v02 VBOX   VBOXAPIC 00000001 ASL  00000061)
[    0.000000] ACPI: SSDT 0x000000003FFF02A0 0001CC (v01 VBOX   VBOXCPUT 00000002 INTL 20100528)
[    0.000000] No NUMA configuration found
[    0.000000] Faking a node at [mem 0x0000000000000000-0x000000003ffeffff]
[    0.000000] NODE_DATA(0) allocated [mem 0x3ffeb000-0x3ffeffff]
[    0.000000] kvm-clock: Using msrs 4b564d01 and 4b564d00
[    0.000000] kvm-clock: cpu 0, msr 0:3ffe3001, primary cpu clock
[    0.000000] kvm-clock: using sched offset of 6999162306 cycles
[    0.000000] clocksource: kvm-clock: mask: 0xffffffffffffffff max_cycles: 0x1cd42e4dffb, max_idle_ns: 881590591483 ns
[    0.000000] Zone ranges:
[    0.000000]   DMA      [mem 0x0000000000001000-0x0000000000ffffff]
[    0.000000]   DMA32    [mem 0x0000000001000000-0x000000003ffeffff]
[    0.000000]   Normal   empty
[    0.000000]   Device   empty
[    0.000000] Movable zone start for each node
[    0.000000] Early memory node ranges
[    0.000000]   node   0: [mem 0x0000000000001000-0x000000000009efff]
[    0.000000]   node   0: [mem 0x0000000000100000-0x000000003ffeffff]
[    0.000000] Initmem setup node 0 [mem 0x0000000000001000-0x000000003ffeffff]
[    0.000000] ACPI: PM-Timer IO Port: 0x4008
[    0.000000] IOAPIC[0]: apic_id 2, version 32, address 0xfec00000, GSI 0-23
[    0.000000] ACPI: INT_SRC_OVR (bus 0 bus_irq 0 global_irq 2 dfl dfl)
[    0.000000] ACPI: INT_SRC_OVR (bus 0 bus_irq 9 global_irq 9 low level)
[    0.000000] Using ACPI (MADT) for SMP configuration information
[    0.000000] smpboot: Allowing 2 CPUs, 0 hotplug CPUs
[    0.000000] PM: Registered nosave memory: [mem 0x00000000-0x00000fff]
[    0.000000] PM: Registered nosave memory: [mem 0x0009f000-0x0009ffff]
[    0.000000] PM: Registered nosave memory: [mem 0x000a0000-0x000effff]
[    0.000000] PM: Registered nosave memory: [mem 0x000f0000-0x000fffff]
[    0.000000] e820: [mem 0x40000000-0xfebfffff] available for PCI devices
[    0.000000] Booting paravirtualized kernel on KVM
[    0.000000] clocksource: refined-jiffies: mask: 0xffffffff max_cycles: 0xffffffff, max_idle_ns: 7645519600211568 ns
[    0.000000] setup_percpu: NR_CPUS:512 nr_cpumask_bits:512 nr_cpu_ids:2 nr_node_ids:1
[    0.000000] PERCPU: Embedded 33 pages/cpu @ffff88003fc00000 s95640 r8192 d31336 u1048576
[    0.000000] Built 1 zonelists in Node order, mobility grouping on.  Total pages: 257912
[    0.000000] Policy zone: DMA32
[    0.000000] Kernel command line: BOOT_IMAGE=/boot/vmlinuz-4.4.0-206-generic root=LABEL=cloudimg-rootfs ro console=tty1 console=ttyS0
[    0.000000] PID hash table entries: 4096 (order: 3, 32768 bytes)
[    0.000000] Memory: 997656K/1048120K available (8641K kernel code, 1337K rwdata, 4044K rodata, 1496K init, 1296K bss, 50464K reserved, 0K cma-reserved)
[    0.000000] SLUB: HWalign=64, Order=0-3, MinObjects=0, CPUs=2, Nodes=1
[    0.000000] Hierarchical RCU implementation.
[    0.000000] 	Build-time adjustment of leaf fanout to 64.
[    0.000000] 	RCU restricting CPUs from NR_CPUS=512 to nr_cpu_ids=2.
[    0.000000] RCU: Adjusting geometry for rcu_fanout_leaf=64, nr_cpu_ids=2
[    0.000000] NR_IRQS:33024 nr_irqs:440 16
[    0.000000] Console: colour VGA+ 80x25
[    0.000000] console [tty1] enabled
[    0.000000] console [ttyS0] enabled
[    0.000000] tsc: Detected 2195.878 MHz processor
[    0.655799] Calibrating delay loop (skipped) preset value.. 4391.75 BogoMIPS (lpj=8783512)
[    0.662252] pid_max: default: 32768 minimum: 301
[    0.664896] ACPI: Core revision 20150930
[    0.673710] ACPI: 2 ACPI AML tables successfully acquired and loaded
[    0.677506] Security Framework initialized
[    0.680248] Yama: becoming mindful.
[    0.682525] AppArmor: AppArmor initialized
[    0.685596] Dentry cache hash table entries: 131072 (order: 8, 1048576 bytes)
[    0.691994] Inode-cache hash table entries: 65536 (order: 7, 524288 bytes)
[    0.703320] Mount-cache hash table entries: 2048 (order: 2, 16384 bytes)
[    0.706968] Mountpoint-cache hash table entries: 2048 (order: 2, 16384 bytes)
[    0.711612] Initializing cgroup subsys io
[    0.714404] Initializing cgroup subsys memory
[    0.718240] Initializing cgroup subsys devices
[    0.724612] Initializing cgroup subsys freezer
[    0.732716] Initializing cgroup subsys net_cls
[    0.735805] Initializing cgroup subsys perf_event
[    0.738748] Initializing cgroup subsys net_prio
[    0.741256] Initializing cgroup subsys hugetlb
[    0.743597] Initializing cgroup subsys pids
[    0.746194] BIOS may not properly restore RDRAND after suspend, but hypervisor does not support hiding RDRAND via CPUID.
[    0.752237] Disabling Indirect Branch Predictor Support
[    0.773861] mce: CPU supports 0 MCE banks
[    0.780316] Last level iTLB entries: 4KB 512, 2MB 8, 4MB 4
[    0.783201] Last level dTLB entries: 4KB 512, 2MB 256, 4MB 128, 1GB 0
[    0.787305] Spectre V1 : Mitigation: usercopy/swapgs barriers and __user pointer sanitization
[    0.792076] Spectre V2 : Spectre mitigation: LFENCE not serializing, switching to generic retpoline
[    0.797370] Spectre V2 : Mitigation: Full generic retpoline
[    0.803799] Spectre V2 : Spectre v2 / SpectreRSB mitigation: Filling RSB on context switch
[    0.810272] Speculative Store Bypass: Mitigation: Speculative Store Bypass disabled via prctl and seccomp
[    0.824949] Freeing SMP alternatives memory: 36K
[    0.845945] ftrace: allocating 32370 entries in 127 pages
[    1.012018] smpboot: APIC(0) Converting physical 0 to logical package 0
[    1.024549] smpboot: Max logical packages: 1
[    1.030890] x2apic enabled
[    1.034077] Switched APIC routing to physical x2apic.
[    1.053680] ..TIMER: vector=0x30 apic1=0 pin1=2 apic2=-1 pin2=-1
[    1.168943] APIC calibration not consistent with PM-Timer: 161ms instead of 100ms
[    1.173236] APIC delta adjusted to PM-Timer: 6354379 (10238753)
[    1.176483] smpboot: CPU0: AMD A8-7410 APU with AMD Radeon R5 Graphics (family: 0x16, model: 0x30, stepping: 0x1)
[    1.183492] Performance Events: Broken PMU hardware detected, using software events only.
[    1.193123] Failed to access perfctr msr (MSR c0010007 is 0)
[    1.231093] KVM setup paravirtual spinlock
[    1.236381] x86: Booting SMP configuration:
[    1.240719] .... node  #0, CPUs:      #1
[    1.244080] kvm-clock: cpu 1, msr 0:3ffe3041, secondary cpu clock
[    1.257527] mce: CPU supports 0 MCE banks
[    1.264994] x86: Booted up 1 node, 2 CPUs
[    1.271585] smpboot: Total of 2 processors activated (8783.51 BogoMIPS)
[    1.279391] devtmpfs: initialized
[    1.286788] evm: security.selinux
[    1.289833] evm: security.SMACK64
[    1.292989] evm: security.SMACK64EXEC
[    1.295016] evm: security.SMACK64TRANSMUTE
[    1.297285] evm: security.SMACK64MMAP
[    1.299401] evm: security.ima
[    1.301611] evm: security.capability
[    1.309395] clocksource: jiffies: mask: 0xffffffff max_cycles: 0xffffffff, max_idle_ns: 7645041785100000 ns
[    1.314587] futex hash table entries: 512 (order: 3, 32768 bytes)
[    1.319738] pinctrl core: initialized pinctrl subsystem
[    1.323657] RTC time: 15:04:29, date: 04/14/21
[    1.327751] NET: Registered protocol family 16
[    1.340242] cpuidle: using governor ladder
[    1.351044] cpuidle: using governor menu
[    1.353623] PCCT header not found.
[    1.357629] ACPI: bus type PCI registered
[    1.359981] acpiphp: ACPI Hot Plug PCI Controller Driver version: 0.5
[    1.363442] PCI: Using configuration type 1 for base access
[    1.366135] PCI: Using configuration type 1 for extended access
[    1.392202] ACPI: Added _OSI(Module Device)
[    1.394856] ACPI: Added _OSI(Processor Device)
[    1.397393] ACPI: Added _OSI(3.0 _SCP Extensions)
[    1.400770] ACPI: Added _OSI(Processor Aggregator Device)
[    1.408699] ACPI: Executed 1 blocks of module-level executable AML code
[    1.423192] ACPI: Interpreter enabled
[    1.427731] ACPI: (supports S0 S5)
[    1.436838] ACPI: Using IOAPIC for interrupt routing
[    1.443099] PCI: Using host bridge windows from ACPI; if necessary, use "pci=nocrs" and report a bug
[    1.476873] ACPI: PCI Root Bridge [PCI0] (domain 0000 [bus 00-ff])
[    1.481880] acpi PNP0A03:00: _OSC: OS supports [ExtendedConfig ASPM ClockPM Segments MSI]
[    1.489607] acpi PNP0A03:00: _OSC: platform does not support [PCIeCapability]
[    1.494790] acpi PNP0A03:00: _OSC: not requesting control; platform does not support [PCIeCapability]
[    1.502720] acpi PNP0A03:00: _OSC: OS requested [PCIeHotplug PME AER PCIeCapability]
[    1.546156] acpi PNP0A03:00: _OSC: platform willing to grant [PCIeHotplug PME AER]
[    1.551492] acpi PNP0A03:00: _OSC failed (AE_SUPPORT); disabling ASPM
[    1.561787] PCI host bridge to bus 0000:00
[    1.564823] pci_bus 0000:00: root bus resource [io  0x0000-0x0cf7 window]
[    1.572403] pci_bus 0000:00: root bus resource [io  0x0d00-0xffff window]
[    1.580730] pci_bus 0000:00: root bus resource [mem 0x000a0000-0x000bffff window]
[    1.586333] pci_bus 0000:00: root bus resource [mem 0x40000000-0xfdffffff window]
[    1.595592] pci_bus 0000:00: root bus resource [bus 00-ff]
[    1.607260] pci 0000:00:01.1: legacy IDE quirk: reg 0x10: [io  0x01f0-0x01f7]
[    1.614726] pci 0000:00:01.1: legacy IDE quirk: reg 0x14: [io  0x03f6]
[    1.619961] pci 0000:00:01.1: legacy IDE quirk: reg 0x18: [io  0x0170-0x0177]
[    1.624904] pci 0000:00:01.1: legacy IDE quirk: reg 0x1c: [io  0x0376]
[    1.723531] pci 0000:00:07.0: quirk: [io  0x4000-0x403f] claimed by PIIX4 ACPI
[    1.729896] pci 0000:00:07.0: quirk: [io  0x4100-0x410f] claimed by PIIX4 SMB
[    1.808366] ACPI: PCI Interrupt Link [LNKA] (IRQs 5 9 10 *11)
[    1.813227] ACPI: PCI Interrupt Link [LNKB] (IRQs 5 9 *10 11)
[    1.822019] ACPI: PCI Interrupt Link [LNKC] (IRQs 5 *9 10 11)
[    1.838128] ACPI: PCI Interrupt Link [LNKD] (IRQs 5 9 10 *11)
[    1.856481] ACPI: Enabled 2 GPEs in block 00 to 07
[    1.863124] vgaarb: setting as boot device: PCI:0000:00:02.0
[    1.870001] vgaarb: device added: PCI:0000:00:02.0,decodes=io+mem,owns=io+mem,locks=none
[    1.876525] vgaarb: loaded
[    1.878578] vgaarb: bridge control possible 0000:00:02.0
[    1.887912] SCSI subsystem initialized
[    1.892245] ACPI: bus type USB registered
[    1.894912] usbcore: registered new interface driver usbfs
[    1.898164] usbcore: registered new interface driver hub
[    1.907105] usbcore: registered new device driver usb
[    1.912191] PCI: Using ACPI for IRQ routing
[    1.915660] NetLabel: Initializing
[    1.919890] NetLabel:  domain hash size = 128
[    1.923115] NetLabel:  protocols = UNLABELED CIPSOv4
[    1.926053] NetLabel:  unlabeled traffic allowed by default
[    1.929540] amd_nb: Cannot enumerate AMD northbridges
[    1.933573] clocksource: Switched to clocksource kvm-clock
[    1.990866] AppArmor: AppArmor Filesystem Enabled
[    1.994436] pnp: PnP ACPI init
[    2.002900] pnp: PnP ACPI: found 3 devices
[    2.032513] clocksource: acpi_pm: mask: 0xffffff max_cycles: 0xffffff, max_idle_ns: 2085701024 ns
[    2.066330] NET: Registered protocol family 2
[    2.083395] TCP established hash table entries: 8192 (order: 4, 65536 bytes)
[    2.095534] TCP bind hash table entries: 8192 (order: 5, 131072 bytes)
[    2.100863] TCP: Hash tables configured (established 8192 bind 8192)
[    2.108007] UDP hash table entries: 512 (order: 2, 16384 bytes)
[    2.113512] UDP-Lite hash table entries: 512 (order: 2, 16384 bytes)
[    2.123602] NET: Registered protocol family 1
[    2.126061] pci 0000:00:00.0: Limiting direct PCI/PCI transfers
[    2.130738] pci 0000:00:01.0: Activating ISA DMA hang workarounds
[    2.144384] Unpacking initramfs...
[    3.168730] Freeing initrd memory: 14884K
[    3.175863] clocksource: tsc: mask: 0xffffffffffffffff max_cycles: 0x1fa6fd109b0, max_idle_ns: 440795251182 ns
[    3.183550] platform rtc_cmos: registered platform RTC device (no PNP device found)
[    3.192825] Scanning for low memory corruption every 60 seconds
[    3.198865] audit: initializing netlink subsys (disabled)
[    3.202799] audit: type=2000 audit(1618412678.681:1): initialized
[    3.207527] Initialise system trusted keyring
[    3.211388] HugeTLB registered 2 MB page size, pre-allocated 0 pages
[    3.217448] zbud: loaded
[    3.220744] VFS: Disk quotas dquot_6.6.0
[    3.223063] VFS: Dquot-cache hash table entries: 512 (order 0, 4096 bytes)
[    3.226849] squashfs: version 4.0 (2009/01/31) Phillip Lougher
[    3.239351] fuse init (API version 7.23)
[    3.242992] Key type big_key registered
[    3.245267] Allocating IMA MOK and blacklist keyrings.
[    3.253726] Key type asymmetric registered
[    3.256604] Asymmetric key parser 'x509' registered
[    3.262428] Block layer SCSI generic (bsg) driver version 0.4 loaded (major 249)
[    3.267434] io scheduler noop registered
[    3.272560] io scheduler deadline registered (default)
[    3.278405] io scheduler cfq registered
[    3.281421] pci_hotplug: PCI Hot Plug PCI Core version: 0.5
[    3.284618] pciehp: PCI Express Hot Plug Controller Driver version: 0.4
[    3.289309] ACPI: AC Adapter [AC] (on-line)
[    3.294225] input: Power Button as /devices/LNXSYSTM:00/LNXPWRBN:00/input/input0
[    3.299747] ACPI: Power Button [PWRF]
[    3.303200] input: Sleep Button as /devices/LNXSYSTM:00/LNXSLPBN:00/input/input1
[    3.309891] ACPI: Sleep Button [SLPF]
[    3.312875] GHES: HEST is not enabled!
[    3.314706] ACPI: Battery Slot [BAT0] (battery present)
[    3.320929] Serial: 8250/16550 driver, 32 ports, IRQ sharing enabled
[    3.350460] 00:02: ttyS0 at I/O 0x3f8 (irq = 4, base_baud = 115200) is a 16550A
[    3.367272] Linux agpgart interface v0.103
[    3.378787] loop: module loaded
[    3.387405] scsi host0: ata_piix
[    3.390246] scsi host1: ata_piix
[    3.392900] ata1: PATA max UDMA/33 cmd 0x1f0 ctl 0x3f6 bmdma 0xd000 irq 14
[    3.397083] ata2: PATA max UDMA/33 cmd 0x170 ctl 0x376 bmdma 0xd008 irq 15
[    3.404283] libphy: Fixed MDIO Bus: probed
[    3.411568] tun: Universal TUN/TAP device driver, 1.6
[    3.415323] tun: (C) 1999-2004 Max Krasnyansky <maxk@qualcomm.com>
[    3.424459] PPP generic driver version 2.4.2
[    3.427551] ehci_hcd: USB 2.0 'Enhanced' Host Controller (EHCI) Driver
[    3.431345] ehci-pci: EHCI PCI platform driver
[    3.434561] ehci-platform: EHCI generic platform driver
[    3.438078] ohci_hcd: USB 1.1 'Open' Host Controller (OHCI) Driver
[    3.441443] ohci-pci: OHCI PCI platform driver
[    3.444560] ohci-platform: OHCI generic platform driver
[    3.447564] uhci_hcd: USB Universal Host Controller Interface driver
[    3.455181] i8042: PNP: PS/2 Controller [PNP0303:PS2K,PNP0f03:PS2M] at 0x60,0x64 irq 1,12
[    3.463206] serio: i8042 KBD port at 0x60,0x64 irq 1
[    3.467751] serio: i8042 AUX port at 0x60,0x64 irq 12
[    3.474178] mousedev: PS/2 mouse device common for all mice
[    3.479125] rtc_cmos rtc_cmos: rtc core: registered rtc_cmos as rtc0
[    3.482791] rtc_cmos rtc_cmos: alarms up to one day, 114 bytes nvram
[    3.492608] i2c /dev entries driver
[    3.495220] input: AT Translated Set 2 keyboard as /devices/platform/i8042/serio0/input/input2
[    3.501577] device-mapper: uevent: version 1.0.3
[    3.504648] device-mapper: ioctl: 4.34.0-ioctl (2015-10-28) initialised: dm-devel@redhat.com
[    3.509940] ledtrig-cpu: registered to indicate activity on CPUs
[    3.516659] x86/pm: family 0x16 cpu detected, MSR saving is needed during suspending.
[    3.522069] NET: Registered protocol family 10
[    3.525133] NET: Registered protocol family 17
[    3.527568] Key type dns_resolver registered
[    3.531102] registered taskstats version 1
[    3.533531] Loading compiled-in X.509 certificates
[    3.547321] Loaded X.509 cert 'Build time autogenerated kernel key: 516e255599dc793c39c72783e7b5301ff98d6a80'
[    3.567674] zswap: loaded using pool lzo/zbud
[    3.586990] Key type trusted registered
[    3.600994] Key type encrypted registered
[    3.615581] AppArmor: AppArmor sha1 policy hashing enabled
[    3.621698] ima: No TPM chip found, activating TPM-bypass!
[    3.627393] ima: Allocated hash algorithm: sha1
[    3.630512] evm: HMAC attrs: 0x1
[    3.633860]   Magic number: 1:144:83
[    3.639389] rtc_cmos rtc_cmos: setting system clock to 2021-04-14 15:04:31 UTC (1618412671)
[    3.646752] BIOS EDD facility v0.16 2004-Jun-25, 0 devices found
[    3.658030] EDD information not available.
[    3.665830] Freeing unused kernel memory: 1496K
[    4.195295] Write protecting the kernel read-only data: 14336k
[    4.203538] Freeing unused kernel memory: 1588K
[    4.209815] Freeing unused kernel memory: 52K
Loading, please wait...
starting version 229
[    4.274775] random: systemd-udevd: uninitialized urandom read (16 bytes read, 3 bits of entropy available)
[    4.277105] random: udevadm: uninitialized urandom read (16 bytes read, 3 bits of entropy available)
[    4.277161] random: udevadm: uninitialized urandom read (16 bytes read, 3 bits of entropy available)
[    4.293184] random: systemd-udevd: uninitialized urandom read (16 bytes read, 3 bits of entropy available)
[    4.298783] random: systemd-udevd: uninitialized urandom read (16 bytes read, 3 bits of entropy available)
[    4.312505] random: udevadm: uninitialized urandom read (16 bytes read, 3 bits of entropy available)
[    4.312627] random: udevadm: uninitialized urandom read (16 bytes read, 3 bits of entropy available)
[    4.312946] random: udevadm: uninitialized urandom read (16 bytes read, 3 bits of entropy available)
[    4.319163] random: udevadm: uninitialized urandom read (16 bytes read, 3 bits of entropy available)
[    4.319305] random: udevadm: uninitialized urandom read (16 bytes read, 3 bits of entropy available)
[    4.545455] e1000: Intel(R) PRO/1000 Network Driver - version 7.3.21-k8-NAPI
[    4.549211] e1000: Copyright (c) 1999-2006 Intel Corporation.
[    4.554733] Fusion MPT base driver 3.04.20
[    4.560377] Copyright (c) 1999-2008 LSI Corporation
[    4.612639] Fusion MPT SPI Host driver 3.04.20
[    4.712923] AVX version of gcm_enc/dec engaged.
[    4.721218] AES CTR mode by8 optimization enabled
[    4.779281] input: ImExPS/2 Generic Explorer Mouse as /devices/platform/i8042/serio1/input/input4
[    5.524256] e1000 0000:00:03.0 eth0: (PCI:33MHz:32-bit) 02:b5:11:9f:b1:da
[    5.562698] e1000 0000:00:03.0 eth0: Intel(R) PRO/1000 Network Connection
[    5.575849] mptbase: ioc0: Initiating bringup
[    5.646708] ioc0: LSI53C1030 A0: Capabilities={Initiator}
[    5.824219] scsi host2: ioc0: LSI53C1030 A0, FwRev=00000000h, Ports=1, MaxQ=256, IRQ=20
[    6.043576] scsi 2:0:0:0: Direct-Access     VBOX     HARDDISK         1.0  PQ: 0 ANSI: 5
[    6.055107] scsi target2:0:0: Beginning Domain Validation
[    6.062626] scsi target2:0:0: Domain Validation skipping write tests
[    6.066069] scsi target2:0:0: Ending Domain Validation
[    6.070233] scsi target2:0:0: asynchronous
[    6.078164] scsi 2:0:1:0: Direct-Access     VBOX     HARDDISK         1.0  PQ: 0 ANSI: 5
[    6.082697] scsi target2:0:1: Beginning Domain Validation
[    6.103405] scsi target2:0:1: Domain Validation skipping write tests
[    6.106619] scsi target2:0:1: Ending Domain Validation
[    6.109580] scsi target2:0:1: asynchronous
[    6.147835] sd 2:0:0:0: Attached scsi generic sg0 type 0
[    6.156130] sd 2:0:1:0: [sdb] 20480 512-byte logical blocks: (10.5 MB/10.0 MiB)
[    6.160792] sd 2:0:1:0: [sdb] Write Protect is off
[    6.163673] sd 2:0:1:0: Attached scsi generic sg1 type 0
[    6.169161] sd 2:0:1:0: [sdb] Incomplete mode parameter data
[    6.174541] sd 2:0:1:0: [sdb] Assuming drive cache: write through
[    6.177960] sd 2:0:0:0: [sda] 83886080 512-byte logical blocks: (42.9 GB/40.0 GiB)
[    6.192327] sd 2:0:0:0: [sda] Write Protect is off
[    6.195990] sd 2:0:0:0: [sda] Incomplete mode parameter data
[    6.201367] sd 2:0:0:0: [sda] Assuming drive cache: write through
[    6.243371]  sda: sda1
[    6.249512] sd 2:0:0:0: [sda] Attached SCSI disk
[    6.256214] sd 2:0:1:0: [sdb] Attached SCSI disk
[    6.865014] e1000 0000:00:08.0 eth1: (PCI:33MHz:32-bit) 08:00:27:f5:81:d7
[    6.873991] e1000 0000:00:08.0 eth1: Intel(R) PRO/1000 Network Connection
[    6.887947] e1000 0000:00:03.0 enp0s3: renamed from eth0
[    6.906018] e1000 0000:00:08.0 enp0s8: renamed from eth1
Begin: Loading essential drivers ... [    9.398241] md: linear personality registered for level -1
[    9.413299] md: multipath personality registered for level -4
[    9.432808] md: raid0 personality registered for level 0
[    9.463197] md: raid1 personality registered for level 1
[    9.554356] raid6: sse2x1   gen()   359 MB/s
[    9.626152] raid6: sse2x1   xor()  1740 MB/s
[    9.698642] raid6: sse2x2   gen()   583 MB/s
[    9.772797] raid6: sse2x2   xor()  1857 MB/s
[    9.842302] raid6: sse2x4   gen()   944 MB/s
[    9.914744] raid6: sse2x4   xor()  1980 MB/s
[    9.921022] raid6: using algorithm sse2x4 gen() 944 MB/s
[    9.924241] raid6: .... xor() 1980 MB/s, rmw enabled
[    9.927870] raid6: using ssse3x2 recovery algorithm
[    9.936968] xor: automatically using best checksumming function:
[    9.982072]    avx       :  5341.000 MB/sec
[    9.992163] async_tx: api initialized (async)
[   10.036308] md: raid6 personality registered for level 6
[   10.056016] md: raid5 personality registered for level 5
[   10.064019] md: raid4 personality registered for level 4
[   10.125089] md: raid10 personality registered for level 10
done.
Begin: Running /scripts/init-premount ... done.
Begin: Mounting root file system ... Begin: Running /scripts/local-top ... done.
Begin: Running /scripts/local-premount ... [   10.328443] Btrfs loaded
Scanning for Btrfs filesystems
done.
Warning: fsck not present, so skipping root file system
[   10.625173] EXT4-fs (sda1): mounted filesystem with ordered data mode. Opts: (null)
done.
Begin: Running /scripts/local-bottom ... done.
Begin: Running /scripts/init-bottom ... done.
[   11.390410] random: nonblocking pool is initialized
[   11.991635] systemd[1]: systemd 229 running in system mode. (+PAM +AUDIT +SELINUX +IMA +APPARMOR +SMACK +SYSVINIT +UTMP +LIBCRYPTSETUP +GCRYPT +GNUTLS +ACL +XZ -LZ4 +SECCOMP +BLKID +ELFUTILS +KMOD -IDN)
[   12.002916] systemd[1]: Detected virtualization oracle.
[   12.006165] systemd[1]: Detected architecture x86-64.

Welcome to [1mUbuntu 16.04.7 LTS[0m!

[   12.055817] systemd[1]: Set hostname to <ubuntu-xenial>.
[   13.750736] systemd[1]: Listening on LVM2 metadata daemon socket.
[[0;32m  OK  [0m] Listening on LVM2 metadata daemon socket.
[   13.759721] systemd[1]: Listening on udev Kernel Socket.
[[0;32m  OK  [0m] Listening on udev Kernel Socket.
[   13.771810] systemd[1]: Reached target Swap.
[[0;32m  OK  [0m] Reached target Swap.
[   13.777376] systemd[1]: Listening on Journal Socket.
[[0;32m  OK  [0m] Listening on Journal Socket.
[   13.783054] systemd[1]: Reached target User and Group Name Lookups.
[[0;32m  OK  [0m] Reached target User and Group Name Lookups.
[   13.792395] systemd[1]: Listening on udev Control Socket.
[[0;32m  OK  [0m] Listening on udev Control Socket.
[   13.802417] systemd[1]: Reached target Encrypted Volumes.
[[0;32m  OK  [0m] Reached target Encrypted Volumes.
[   13.810473] systemd[1]: Started Trigger resolvconf update for networkd DNS.
[[0;32m  OK  [0m] Started Trigger resolvconf update for networkd DNS.
[   13.816557] systemd[1]: Listening on Device-mapper event daemon FIFOs.
[[0;32m  OK  [0m] Listening on Device-mapper event daemon FIFOs.
[   13.823937] systemd[1]: Listening on fsck to fsckd communication Socket.
[[0;32m  OK  [0m] Listening on fsck to fsckd communication Socket.
[   13.837006] systemd[1]: Started Forward Password Requests to Wall Directory Watch.
[[0;32m  OK  [0m] Started Forward Password Requests to Wall Directory Watch.
[   13.845028] systemd[1]: Reached target System Time Synchronized.
[[0;32m  OK  [0m] Reached target System Time Synchronized.
[   13.854750] systemd[1]: Listening on Syslog Socket.
[[0;32m  OK  [0m] Listening on Syslog Socket.
[   13.871938] systemd[1]: Listening on LVM2 poll daemon socket.
[[0;32m  OK  [0m] Listening on LVM2 poll daemon socket.
[   13.879778] systemd[1]: Listening on Journal Audit Socket.
[[0;32m  OK  [0m] Listening on Journal Audit Socket.
[   13.895931] systemd[1]: Created slice System Slice.
[[0;32m  OK  [0m] Created slice System Slice.
[   13.906453] systemd[1]: Created slice system-serial\x2dgetty.slice.
[[0;32m  OK  [0m] Created slice system-serial\x2dgetty.slice.
[   13.930859] systemd[1]: Starting Create list of required static device nodes for the current kernel...
         Starting Create list of required st... nodes for the current kernel...
[   13.944113] systemd[1]: Mounting Debug File System...
         Mounting Debug File System...
[   14.018372] systemd[1]: Starting Load Kernel Modules...
         Starting Load Kernel Modules...
[   14.030659] systemd[1]: Mounting Huge Pages File System...
         Mounting Huge Pages File System...
[   14.067413] systemd[1]: Mounting POSIX Message Queue File System...
         Mounting POSIX Message Queue File System...
[   14.079554] systemd[1]: Starting Nameserver information manager...
         Starting Nameserver information manager...
[   14.097465] systemd[1]: Starting Set console keymap...
         Starting Set console keymap...
[   14.106210] systemd[1]: Listening on Journal Socket (/dev/log).
[[0;32m  OK  [0m] Listening on Journal Socket (/dev/log).
[   14.118041] systemd[1]: Starting Journal Service...
         Starting Journal Service...
[   14.127937] systemd[1]: Listening on /dev/initctl Compatibility Named Pipe.
[[0;32m  OK  [0m] Listening on /dev/initctl Compatibility Named Pipe.
[   14.152678] systemd[1]: Set up automount Arbitrary Executable File Formats File System Automount Point.
[[0;32m  OK  [0m] Set up automount Arbitrary Executab...ats File System Automount Point.
[   14.230572] systemd[1]: Starting Monitoring of LVM2 mirrors, snapshots etc. using dmeventd or progress polling...
         Starting Monitoring of LVM2 mirrors... dmeventd or progress polling...
[   14.252774] systemd[1]: Created slice User and Session Slice.
[[0;32m  OK  [0m] Created slice User and Session Slice.
[   14.260953] systemd[1]: Reached target Slices.
[[0;32m  OK  [0m] Reached target Slices.
[   14.284482] systemd[1]: Starting Uncomplicated firewall...
[   14.296317] Loading iSCSI transport class v2.0-870.
         Starting Uncomplicated firewall...
[   14.307966] systemd[1]: Starting File System Check on Root Device...
         Starting File System Check on Root Device...
[   14.331344] systemd[1]: Mounted Huge Pages File System.
[[0;32m  OK  [0m] Mounted Huge Pages File System.
[   14.346808] systemd[1]: Mounted Debug File System.
[[0;32m  OK  [0m] Mounted Debug File System.
[   14.359528] systemd[1]: Mounted POSIX Message Queue File System.
[[0;32m  OK  [0m] Mounted POSIX Message Queue File System.
[   14.369921] systemd[1]: Started Create list of required static device nodes for the current kernel.
[[0;32m  OK  [0m] Started Create list of required sta...ce nodes for the current kernel.
[   14.422455] systemd[1]: Starting Create Static Device Nodes in /dev...
         Starting Create Static Device Nodes in /dev...
[   14.437996] systemd[1]: Started Uncomplicated firewall.
[[0;32m  OK  [0m] Started Uncomplicated firewall.
[   14.510205] systemd[1]: Started File System Check Daemon to report status.
[[0;32m  OK  [0m] Started File System Check Daemon to report status.
[   14.523615] systemd[1]: Started Nameserver information manager.
[[0;32m  OK  [0m] Started Nameserver information manager.
[   14.692459] iscsi: registered transport (tcp)
[   14.743395] systemd[1]: Started Set console keymap.
[[0;32m  OK  [0m] Started Set console keymap.
[   14.895300] systemd[1]: Started Journal Service.
[[0;32m  OK  [0m] Started Journal Service.
[[0;32m  OK  [0m] Started LVM2 metadata daemon.
[[0;32m  OK  [0m] Started File System Check on Root Device.
         Starting Remount Root and Kernel File Systems...
[   15.140386] EXT4-fs (sda1): re-mounted. Opts: (null)
[[0;32m  OK  [0m] Started Remount Root and Kernel File Systems.
         Starting Flush Journal to Persistent Storage...
         Starting Load/Save Random Seed...
         Starting udev Coldplug all Devices...
[[0;32m  OK  [0m] Started Load/Save Random Seed.
[   15.350058] iscsi: registered transport (iser)
[[0;32m  OK  [0m] Started Load Kernel Modules.
         Starting Apply Kernel Variables...
         Mounting FUSE Control File System...
[[0;32m  OK  [0m] Mounted FUSE Control File System.
[   15.442927] systemd-journald[388]: Received request to flush runtime journal from PID 1
[[0;32m  OK  [0m] Started Flush Journal to Persistent Storage.
[[0;32m  OK  [0m] Started Create Static Device Nodes in /dev.
[[0;32m  OK  [0m] Started Monitoring of LVM2 mirrors,...ng dmeventd or progress polling.
[[0;32m  OK  [0m] Started Apply Kernel Variables.
[[0;32m  OK  [0m] Reached target Local File Systems (Pre).
[[0;32m  OK  [0m] Reached target Local File Systems.
         Starting Initial cloud-init job (pre-networking)...
         Starting LSB: AppArmor initialization...
         Starting Create Volatile Files and Directories...
         Starting Set console font and keymap...
         Starting Tell Plymouth To Write Out Runtime Data...
         Starting udev Kernel Device Manager...
[[0;32m  OK  [0m] Started udev Coldplug all Devices.
[[0;32m  OK  [0m] Started Tell Plymouth To Write Out Runtime Data.
[[0;32m  OK  [0m] Started udev Kernel Device Manager.
[[0;32m  OK  [0m] Started Dispatch Password Requests to Console Directory Watch.
[[0;32m  OK  [0m] Started LSB: AppArmor initialization.
         Starting Load AppArmor profiles managed internally by snapd...
[[0;32m  OK  [0m] Started Load AppArmor profiles managed internally by snapd.
[[0;32m  OK  [0m] Found device /dev/ttyS0.
[[0;32m  OK  [0m] Started Set console font and keymap.
[[0;32m  OK  [0m] Created slice system-getty.slice.
[[0;32m  OK  [0m] Listening on Load/Save RF Kill Switch Status /dev/rfkill Watch.
[[0;32m  OK  [0m] Found device 82540EM Gigabit Ethern...r (PRO/1000 MT Desktop Adapter).
[[0;32m  OK  [0m] Found device 82540EM Gigabit Ethern...r (PRO/1000 MT Desktop Adapter).
[[0;32m  OK  [0m] Started Create Volatile Files and Directories.
         Starting Update UTMP about System Boot/Shutdown...
[[0;32m  OK  [0m] Started Update UTMP about System Boot/Shutdown.
[   27.685522] cloud-init[467]: Cloud-init v. 20.4.1-0ubuntu1~16.04.1 running 'init-local' at Wed, 14 Apr 2021 15:04:54 +0000. Up 25.99 seconds.
[[0;32m  OK  [0m] Started Initial cloud-init job (pre-networking).
[[0;32m  OK  [0m] Reached target Network (Pre).
         Starting Raise network interfaces...
[[0;32m  OK  [0m] Started ifup for enp0s3.
[[0;32m  OK  [0m] Started ifup for enp0s8.
[[0;32m  OK  [0m] Started Raise network interfaces.
[[0;32m  OK  [0m] Reached target Network.
         Starting Initial cloud-init job (metadata service crawler)...
[   32.917359] cloud-init[1092]: Cloud-init v. 20.4.1-0ubuntu1~16.04.1 running 'init' at Wed, 14 Apr 2021 15:04:59 +0000. Up 31.05 seconds.
[   32.923750] cloud-init[1092]: ci-info: ++++++++++++++++++++++++++++++++++++++Net device info+++++++++++++++++++++++++++++++++++++++
[   32.931831] cloud-init[1092]: ci-info: +--------+------+-----------------------------+---------------+--------+-------------------+
[   32.940282] cloud-init[1092]: ci-info: | Device |  Up  |           Address           |      Mask     | Scope  |     Hw-Address    |
[   32.947440] cloud-init[1092]: ci-info: +--------+------+-----------------------------+---------------+--------+-------------------+
[   32.953807] cloud-init[1092]: ci-info: | enp0s3 | True |          10.0.2.15          | 255.255.255.0 | global | 02:b5:11:9f:b1:da |
[   32.963537] cloud-init[1092]: ci-info: | enp0s3 | True |  fe80::b5:11ff:fe9f:b1da/64 |       .       |  link  | 02:b5:11:9f:b1:da |
[   32.971165] cloud-init[1092]: ci-info: | enp0s8 | True |        192.168.10.100       | 255.255.255.0 | global | 08:00:27:f5:81:d7 |
[   32.979065] cloud-init[1092]: ci-info: | enp0s8 | True | fe80::a00:27ff:fef5:81d7/64 |       .       |  link  | 08:00:27:f5:81:d7 |
[   32.985074] cloud-init[1092]: ci-info: |   lo   | True |          127.0.0.1          |   255.0.0.0   |  host  |         .         |
[   32.994078] cloud-init[1092]: ci-info: |   lo   | True |           ::1/128           |       .       |  host  |         .         |
[   33.010412] cloud-init[1092]: ci-info: +--------+------+-----------------------------+---------------+--------+-------------------+
[   33.020354] cloud-init[1092]: ci-info: ++++++++++++++++++++++++++++Route IPv4 info++++++++++++++++++++++++++++
[   33.040698] cloud-init[1092]: ci-info: +-------+--------------+----------+---------------+-----------+-------+
[   33.056259] cloud-init[1092]: ci-info: | Route | Destination  | Gateway  |    Genmask    | Interface | Flags |
[   33.065538] cloud-init[1092]: ci-info: +-------+--------------+----------+---------------+-----------+-------+
[   33.088800] cloud-init[1092]: ci-info: |   0   |   0.0.0.0    | 10.0.2.2 |    0.0.0.0    |   enp0s3  |   UG  |
[   33.098138] cloud-init[1092]: ci-info: |   1   |   10.0.2.0   | 0.0.0.0  | 255.255.255.0 |   enp0s3  |   U   |
[   33.104760] cloud-init[1092]: ci-info: |   2   | 192.168.10.0 | 0.0.0.0  | 255.255.255.0 |   enp0s8  |   U   |
[   33.110907] cloud-init[1092]: ci-info: +-------+--------------+----------+---------------+-----------+-------+
[   33.117532] cloud-init[1092]: ci-info: +++++++++++++++++++Route IPv6 info+++++++++++++++++++
[   33.122550] cloud-init[1092]: ci-info: +-------+-------------+---------+-----------+-------+
[   33.174516] cloud-init[1092]: ci-info: | Route | Destination | Gateway | Interface | Flags |
[   33.183189] cloud-init[1092]: ci-info: +-------+-------------+---------+-----------+-------+
[   33.188008] cloud-init[1092]: ci-info: |   0   |  fe80::/64  |    ::   |   enp0s8  |   U   |
[   33.194667] cloud-init[1092]: ci-info: |   1   |  fe80::/64  |    ::   |   enp0s3  |   U   |
[   33.200847] cloud-init[1092]: ci-info: |   6   |   ff00::/8  |    ::   |   enp0s8  |   U   |
[   33.205020] cloud-init[1092]: ci-info: |   7   |   ff00::/8  |    ::   |   enp0s3  |   U   |
[   33.236705] cloud-init[1092]: ci-info: +-------+-------------+---------+-----------+-------+
[[0;32m  OK  [0m] Started Initial cloud-init job (metadata service crawler).
[[0;32m  OK  [0m] Reached target Cloud-config availability.
[[0;32m  OK  [0m] Reached target System Initialization.
[[0;32m  OK  [0m] Listening on D-Bus System Message Bus Socket.
         Starting Socket activation for snappy daemon.
[[0;32m  OK  [0m] Started Daily apt download activities.
[[0;32m  OK  [0m] Started Daily apt upgrade and clean activities.
         Starting LXD - unix socket.
[[0;32m  OK  [0m] Started Daily Cleanup of Temporary Directories.
[[0;32m  OK  [0m] Started Message of the Day.
[[0;32m  OK  [0m] Listening on ACPID Listen Socket.
[[0;32m  OK  [0m] Listening on UUID daemon activation socket.
[[0;32m  OK  [0m] Reached target Timers.
[[0;32m  OK  [0m] Started ACPI Events Check.
[[0;32m  OK  [0m] Reached target Paths.
[[0;32m  OK  [0m] Reached target Network is Online.
         Starting iSCSI initiator daemon (iscsid)...
[[0;32m  OK  [0m] Listening on Socket activation for snappy daemon.
[[0;32m  OK  [0m] Listening on LXD - unix socket.
[[0;32m  OK  [0m] Reached target Sockets.
[[0;32m  OK  [0m] Reached target Basic System.
         Starting LSB: Record successful boot for GRUB...
[[0;32m  OK  [0m] Started Deferred execution scheduler.
[[0;32m  OK  [0m] Started ACPI event daemon.
         Starting Login Service...
         Starting Virtualbox guest utils...
[[0;32m  OK  [0m] Started FUSE filesystem for LXC.
         Starting LSB: MD monitoring daemon...
         Starting OpenBSD Secure Shell server...
         Starting Accounts Service...
         Starting LXD - container startup/shutdown...
         Starting A high performance web server and a reverse proxy server...
[[0;32m  OK  [0m] Started D-Bus System Message Bus.
[[0;32m  OK  [0m] Started Regular background program processing daemon.
         Starting System Logging Service...
         Starting Snap Daemon...
         Starting /etc/rc.local Compatibility...
[[0;32m  OK  [0m] Started /etc/rc.local Compatibility.
[[0;32m  OK  [0m] Started OpenBSD Secure Shell server.
[[0;32m  OK  [0m] Started Login Service.
[[0;32m  OK  [0m] Started Unattended Upgrades Shutdown.
         Starting Authenticate and Authorize Users to Run Privileged Tasks...
[[0;32m  OK  [0m] Started iSCSI initiator daemon (iscsid).
         Starting Login to default iSCSI targets...
[[0;32m  OK  [0m] Started Login to default iSCSI targets.
[[0;32m  OK  [0m] Reached target Remote File Systems (Pre).
         Mounting /home/ubuntu/app...
[[0;32m  OK  [0m] Started LSB: Record successful boot for GRUB.
[[0;32m  OK  [0m] Started Virtualbox guest utils.
[[0;32m  OK  [0m] Started System Logging Service.
[[0;32m  OK  [0m] Mounted /home/ubuntu/app.
[[0;32m  OK  [0m] Reached target Remote File Systems.
         Starting LSB: Set the CPU Frequency Scaling governor to "ondemand"...
         Starting Permit User Sessions...
         Starting LSB: daemon to balance interrupts for SMP systems...
         Starting LSB: automatic crash report generation...
[[0;32m  OK  [0m] Started LSB: MD monitoring daemon.
[[0;32m  OK  [0m] Started LSB: Set the CPU Frequency Scaling governor to "ondemand".
[[0;32m  OK  [0m] Started Authenticate and Authorize Users to Run Privileged Tasks.
[[0;32m  OK  [0m] Started Accounts Service.
[[0;32m  OK  [0m] Started Permit User Sessions.
         Starting Hold until boot process finishes up...
         Starting Terminate Plymouth Boot Screen...
[[0;32m  OK  [0m] Started Hold until boot process finishes up.
[[0;32m  OK  [0m] Started Terminate Plymouth Boot Screen.
[[0;32m  OK  [0m] Started Serial Getty on ttyS0.
[[0;32m  OK  [0m] Started Getty on tty1.
[[0;32m  OK  [0m] Reached target Login Prompts.
         Starting Set console scheme...
[[0;32m  OK  [0m] Started LSB: automatic crash report generation.
[[0;32m  OK  [0m] Started LSB: daemon to balance interrupts for SMP systems.
[[0;32m  OK  [0m] Started Set console scheme.
[[0;32m  OK  [0m] Created slice User Slice of vagrant.
         Starting User Manager for UID 1000...
[[0;32m  OK  [0m] Started Session 1 of user vagrant.
[[0;32m  OK  [0m] Started User Manager for UID 1000.
[[0;32m  OK  [0m] Started A high performance web server and a reverse proxy server.
[[0;32m  OK  [0m] Started LXD - container startup/shutdown.
[[0;32m  OK  [0m] Started Snap Daemon.
         Starting Wait until snapd is fully seeded...
[[0;32m  OK  [0m] Started Wait until snapd is fully seeded.
         Starting Apply the settings specified in cloud-config...
[[0;32m  OK  [0m] Reached target Multi-User System.
[[0;32m  OK  [0m] Reached target Graphical Interface.
         Starting Update UTMP about System Runlevel Changes...
[[0;32m  OK  [0m] Started Update UTMP about System Runlevel Changes.

Ubuntu 16.04.7 LTS ubuntu-xenial ttyS0

ubuntu-xenial login: [   45.623362] cloud-init[1440]: Cloud-init v. 20.4.1-0ubuntu1~16.04.1 running 'modules:config' at Wed, 14 Apr 2021 15:05:13 +0000. Up 44.93 seconds.
[   49.231544] cloud-init[1468]: Cloud-init v. 20.4.1-0ubuntu1~16.04.1 running 'modules:final' at Wed, 14 Apr 2021 15:05:17 +0000. Up 48.37 seconds.
[   49.236447] cloud-init[1468]: Cloud-init v. 20.4.1-0ubuntu1~16.04.1 finished at Wed, 14 Apr 2021 15:05:17 +0000. Datasource DataSourceNoCloud [seed=/dev/sdb][dsmode=net].  Up 49.17 seconds
